Archive member included to satisfy reference by file (symbol)

c:/st/stm32cubeide_1.6.1/stm32cubeide/plugins/com.st.stm32cube.ide.mcu.externaltools.gnu-tools-for-stm32.9-2020-q2-update.win32_1.5.0.202011040924/tools/bin/../lib/gcc/arm-none-eabi/9.3.1/../../../../arm-none-eabi/lib/thumb/v7e-m+fp/hard\libc_nano.a(lib_a-errno.o)
                              Src/syscalls.o (__errno)
c:/st/stm32cubeide_1.6.1/stm32cubeide/plugins/com.st.stm32cube.ide.mcu.externaltools.gnu-tools-for-stm32.9-2020-q2-update.win32_1.5.0.202011040924/tools/bin/../lib/gcc/arm-none-eabi/9.3.1/../../../../arm-none-eabi/lib/thumb/v7e-m+fp/hard\libc_nano.a(lib_a-exit.o)
                              c:/st/stm32cubeide_1.6.1/stm32cubeide/plugins/com.st.stm32cube.ide.mcu.externaltools.gnu-tools-for-stm32.9-2020-q2-update.win32_1.5.0.202011040924/tools/bin/../lib/gcc/arm-none-eabi/9.3.1/../../../../arm-none-eabi/lib/thumb/v7e-m+fp/hard/crt0.o (exit)
c:/st/stm32cubeide_1.6.1/stm32cubeide/plugins/com.st.stm32cube.ide.mcu.externaltools.gnu-tools-for-stm32.9-2020-q2-update.win32_1.5.0.202011040924/tools/bin/../lib/gcc/arm-none-eabi/9.3.1/../../../../arm-none-eabi/lib/thumb/v7e-m+fp/hard\libc_nano.a(lib_a-impure.o)
                              c:/st/stm32cubeide_1.6.1/stm32cubeide/plugins/com.st.stm32cube.ide.mcu.externaltools.gnu-tools-for-stm32.9-2020-q2-update.win32_1.5.0.202011040924/tools/bin/../lib/gcc/arm-none-eabi/9.3.1/../../../../arm-none-eabi/lib/thumb/v7e-m+fp/hard\libc_nano.a(lib_a-exit.o) (_global_impure_ptr)
c:/st/stm32cubeide_1.6.1/stm32cubeide/plugins/com.st.stm32cube.ide.mcu.externaltools.gnu-tools-for-stm32.9-2020-q2-update.win32_1.5.0.202011040924/tools/bin/../lib/gcc/arm-none-eabi/9.3.1/../../../../arm-none-eabi/lib/thumb/v7e-m+fp/hard\libc_nano.a(lib_a-init.o)
                              c:/st/stm32cubeide_1.6.1/stm32cubeide/plugins/com.st.stm32cube.ide.mcu.externaltools.gnu-tools-for-stm32.9-2020-q2-update.win32_1.5.0.202011040924/tools/bin/../lib/gcc/arm-none-eabi/9.3.1/../../../../arm-none-eabi/lib/thumb/v7e-m+fp/hard/crt0.o (__libc_init_array)
c:/st/stm32cubeide_1.6.1/stm32cubeide/plugins/com.st.stm32cube.ide.mcu.externaltools.gnu-tools-for-stm32.9-2020-q2-update.win32_1.5.0.202011040924/tools/bin/../lib/gcc/arm-none-eabi/9.3.1/../../../../arm-none-eabi/lib/thumb/v7e-m+fp/hard\libc_nano.a(lib_a-memset.o)
                              c:/st/stm32cubeide_1.6.1/stm32cubeide/plugins/com.st.stm32cube.ide.mcu.externaltools.gnu-tools-for-stm32.9-2020-q2-update.win32_1.5.0.202011040924/tools/bin/../lib/gcc/arm-none-eabi/9.3.1/../../../../arm-none-eabi/lib/thumb/v7e-m+fp/hard/crt0.o (memset)
c:/st/stm32cubeide_1.6.1/stm32cubeide/plugins/com.st.stm32cube.ide.mcu.externaltools.gnu-tools-for-stm32.9-2020-q2-update.win32_1.5.0.202011040924/tools/bin/../lib/gcc/arm-none-eabi/9.3.1/../../../../arm-none-eabi/lib/thumb/v7e-m+fp/hard\libm.a(lib_a-s_tan.o)
                              Src/ws2812.o (tan)
c:/st/stm32cubeide_1.6.1/stm32cubeide/plugins/com.st.stm32cube.ide.mcu.externaltools.gnu-tools-for-stm32.9-2020-q2-update.win32_1.5.0.202011040924/tools/bin/../lib/gcc/arm-none-eabi/9.3.1/../../../../arm-none-eabi/lib/thumb/v7e-m+fp/hard\libm.a(lib_a-e_rem_pio2.o)
                              c:/st/stm32cubeide_1.6.1/stm32cubeide/plugins/com.st.stm32cube.ide.mcu.externaltools.gnu-tools-for-stm32.9-2020-q2-update.win32_1.5.0.202011040924/tools/bin/../lib/gcc/arm-none-eabi/9.3.1/../../../../arm-none-eabi/lib/thumb/v7e-m+fp/hard\libm.a(lib_a-s_tan.o) (__ieee754_rem_pio2)
c:/st/stm32cubeide_1.6.1/stm32cubeide/plugins/com.st.stm32cube.ide.mcu.externaltools.gnu-tools-for-stm32.9-2020-q2-update.win32_1.5.0.202011040924/tools/bin/../lib/gcc/arm-none-eabi/9.3.1/../../../../arm-none-eabi/lib/thumb/v7e-m+fp/hard\libm.a(lib_a-k_rem_pio2.o)
                              c:/st/stm32cubeide_1.6.1/stm32cubeide/plugins/com.st.stm32cube.ide.mcu.externaltools.gnu-tools-for-stm32.9-2020-q2-update.win32_1.5.0.202011040924/tools/bin/../lib/gcc/arm-none-eabi/9.3.1/../../../../arm-none-eabi/lib/thumb/v7e-m+fp/hard\libm.a(lib_a-e_rem_pio2.o) (__kernel_rem_pio2)
c:/st/stm32cubeide_1.6.1/stm32cubeide/plugins/com.st.stm32cube.ide.mcu.externaltools.gnu-tools-for-stm32.9-2020-q2-update.win32_1.5.0.202011040924/tools/bin/../lib/gcc/arm-none-eabi/9.3.1/../../../../arm-none-eabi/lib/thumb/v7e-m+fp/hard\libm.a(lib_a-k_tan.o)
                              c:/st/stm32cubeide_1.6.1/stm32cubeide/plugins/com.st.stm32cube.ide.mcu.externaltools.gnu-tools-for-stm32.9-2020-q2-update.win32_1.5.0.202011040924/tools/bin/../lib/gcc/arm-none-eabi/9.3.1/../../../../arm-none-eabi/lib/thumb/v7e-m+fp/hard\libm.a(lib_a-s_tan.o) (__kernel_tan)
c:/st/stm32cubeide_1.6.1/stm32cubeide/plugins/com.st.stm32cube.ide.mcu.externaltools.gnu-tools-for-stm32.9-2020-q2-update.win32_1.5.0.202011040924/tools/bin/../lib/gcc/arm-none-eabi/9.3.1/../../../../arm-none-eabi/lib/thumb/v7e-m+fp/hard\libm.a(lib_a-s_fabs.o)
[...]
Memory Configuration

Name             Origin             Length             Attributes
RAM              0x0000000020000000 0x0000000000020000 xrw
FLASH            0x0000000008000000 0x0000000000080000 xr
*default*        0x0000000000000000 0xffffffffffffffff

Linker script and memory map

LOAD c:/st/stm32cubeide_1.6.1/stm32cubeide/plugins/com.st.stm32cube.ide.mcu.externaltools.gnu-tools-for-stm32.9-2020-q2-update.win32_1.5.0.202011040924/tools/bin/../lib/gcc/arm-none-eabi/9.3.1/thumb/v7e-m+fp/hard/crti.o
LOAD c:/st/stm32cubeide_1.6.1/stm32cubeide/plugins/com.st.stm32cube.ide.mcu.externaltools.gnu-tools-for-stm32.9-2020-q2-update.win32_1.5.0.202011040924/tools/bin/../lib/gcc/arm-none-eabi/9.3.1/thumb/v7e-m+fp/hard/crtbegin.o
LOAD c:/st/stm32cubeide_1.6.1/stm32cubeide/plugins/com.st.stm32cube.ide.mcu.externaltools.gnu-tools-for-stm32.9-2020-q2-update.win32_1.5.0.202011040924/tools/bin/../lib/gcc/arm-none-eabi/9.3.1/../../../../arm-none-eabi/lib/thumb/v7e-m+fp/hard/crt0.o
LOAD Src/ST7735.o
LOAD Src/adc.o
LOAD Src/bsp.o
LOAD Src/fpu.o
LOAD Src/i2c.o
LOAD Src/main.o
LOAD Src/max7219_7seg.o
LOAD Src/max7219_dot_matrix.o
LOAD Src/spi.o
LOAD Src/ssd1306.o
LOAD Src/syscalls.o
LOAD Src/sysmem.o
LOAD Src/timebase.o
LOAD Src/uart.o
LOAD Src/ws2812.o
LOAD Startup/startup_stm32f411retx.o
START GROUP
LOAD c:/st/stm32cubeide_1.6.1/stm32cubeide/plugins/com.st.stm32cube.ide.mcu.externaltools.gnu-tools-for-stm32.9-2020-q2-update.win32_1.5.0.202011040924/tools/bin/../lib/gcc/arm-none-eabi/9.3.1/../../../../arm-none-eabi/lib/thumb/v7e-m+fp/hard\libc_nano.a
LOAD c:/st/stm32cubeide_1.6.1/stm32cubeide/plugins/com.st.stm32cube.ide.mcu.externaltools.gnu-tools-for-stm32.9-2020-q2-update.win32_1.5.0.202011040924/tools/bin/../lib/gcc/arm-none-eabi/9.3.1/../../../../arm-none-eabi/lib/thumb/v7e-m+fp/hard\libm.a
END GROUP
START GROUP
LOAD c:/st/stm32cubeide_1.6.1/stm32cubeide/plugins/com.st.stm32cube.ide.mcu.externaltools.gnu-tools-for-stm32.9-2020-q2-update.win32_1.5.0.202011040924/tools/bin/../lib/gcc/arm-none-eabi/9.3.1/thumb/v7e-m+fp/hard\libgcc.a
LOAD c:/st/stm32cubeide_1.6.1/stm32cubeide/plugins/com.st.stm32cube.ide.mcu.externaltools.gnu-tools-for-stm32.9-2020-q2-update.win32_1.5.0.202011040924/tools/bin/../lib/gcc/arm-none-eabi/9.3.1/../../../../arm-none-eabi/lib/thumb/v7e-m+fp/hard\libc_nano.a
END GROUP
START GROUP
LOAD c:/st/stm32cubeide_1.6.1/stm32cubeide/plugins/com.st.stm32cube.ide.mcu.externaltools.gnu-tools-for-stm32.9-2020-q2-update.win32_1.5.0.202011040924/tools/bin/../lib/gcc/arm-none-eabi/9.3.1/thumb/v7e-m+fp/hard\libgcc.a
LOAD c:/st/stm32cubeide_1.6.1/stm32cubeide/plugins/com.st.stm32cube.ide.mcu.externaltools.gnu-tools-for-stm32.9-2020-q2-update.win32_1.5.0.202011040924/tools/bin/../lib/gcc/arm-none-eabi/9.3.1/../../../../arm-none-eabi/lib/thumb/v7e-m+fp/hard\libc_nano.a
LOAD c:/st/stm32cubeide_1.6.1/stm32cubeide/plugins/com.st.stm32cube.ide.mcu.externaltools.gnu-tools-for-stm32.9-2020-q2-update.win32_1.5.0.202011040924/tools/bin/../lib/gcc/arm-none-eabi/9.3.1/../../../../arm-none-eabi/lib/thumb/v7e-m+fp/hard\libnosys.a
END GROUP
START GROUP
LOAD c:/st/stm32cubeide_1.6.1/stm32cubeide/plugins/com.st.stm32cube.ide.mcu.externaltools.gnu-tools-for-stm32.9-2020-q2-update.win32_1.5.0.202011040924/tools/bin/../lib/gcc/arm-none-eabi/9.3.1/thumb/v7e-m+fp/hard\libgcc.a
LOAD c:/st/stm32cubeide_1.6.1/stm32cubeide/plugins/com.st.stm32cube.ide.mcu.externaltools.gnu-tools-for-stm32.9-2020-q2-update.win32_1.5.0.202011040924/tools/bin/../lib/gcc/arm-none-eabi/9.3.1/../../../../arm-none-eabi/lib/thumb/v7e-m+fp/hard\libc_nano.a
LOAD c:/st/stm32cubeide_1.6.1/stm32cubeide/plugins/com.st.stm32cube.ide.mcu.externaltools.gnu-tools-for-stm32.9-2020-q2-update.win32_1.5.0.202011040924/tools/bin/../lib/gcc/arm-none-eabi/9.3.1/../../../../arm-none-eabi/lib/thumb/v7e-m+fp/hard\libnosys.a
END GROUP
LOAD c:/st/stm32cubeide_1.6.1/stm32cubeide/plugins/com.st.stm32cube.ide.mcu.externaltools.gnu-tools-for-stm32.9-2020-q2-update.win32_1.5.0.202011040924/tools/bin/../lib/gcc/arm-none-eabi/9.3.1/thumb/v7e-m+fp/hard/crtend.o
LOAD c:/st/stm32cubeide_1.6.1/stm32cubeide/plugins/com.st.stm32cube.ide.mcu.externaltools.gnu-tools-for-stm32.9-2020-q2-update.win32_1.5.0.202011040924/tools/bin/../lib/gcc/arm-none-eabi/9.3.1/thumb/v7e-m+fp/hard/crtn.o
                0x0000000020020000                _estack = (ORIGIN (RAM) + LENGTH (RAM))
                0x0000000000000200                _Min_Heap_Size = 0x200
                0x0000000000000400                _Min_Stack_Size = 0x400

.isr_vector     0x0000000008000000      0x198
                0x0000000008000000                . = ALIGN (0x4)
 *(.isr_vector)
 .isr_vector    0x0000000008000000      0x198 Startup/startup_stm32f411retx.o
                0x0000000008000000                g_pfnVectors
                0x0000000008000198                . = ALIGN (0x4)

.text           0x0000000008000198     0x1278
                0x0000000008000198                . = ALIGN (0x4)
 *(.text)
 .text          0x0000000008000198       0x40 c:/st/stm32cubeide_1.6.1/stm32cubeide/plugins/com.st.stm32cube.ide.mcu.externaltools.gnu-tools-for-stm32.9-2020-q2-update.win32_1.5.0.202011040924/tools/bin/../lib/gcc/arm-none-eabi/9.3.1/thumb/v7e-m+fp/hard/crtbegin.o
 *(.text*)
 .text.st7735_init
                0x00000000080001d8       0x1a Src/ST7735.o
                0x00000000080001d8                st7735_init
 .text.st7735_fill_screen
                0x00000000080001f2       0x22 Src/ST7735.o
                0x00000000080001f2                st7735_fill_screen
 .text.standard_init_cmds
                0x0000000008000214       0x68 Src/ST7735.o
                0x0000000008000214                standard_init_cmds
 .text.st7735_gpio_init
                0x000000000800027c       0x6c Src/ST7735.o
                0x000000000800027c                st7735_gpio_init
 .text.st7735_spi_init
                0x00000000080002e8       0x58 Src/ST7735.o
                0x00000000080002e8                st7735_spi_init
 .text.st7735_send_data
                0x0000000008000340       0x24 Src/ST7735.o
 .text.st7735_write_cmd
                0x0000000008000364       0x2c Src/ST7735.o
 .text.st7735_write_data
                0x0000000008000390       0x2c Src/ST7735.o
 .text.st7735_push_color
                0x00000000080003bc       0x2a Src/ST7735.o
 .text.st7735_set_addr_window
                0x00000000080003e6       0x76 Src/ST7735.o
 .text.st7735_drw_px
                0x000000000800045c       0x58 Src/ST7735.o
                0x000000000800045c                st7735_drw_px
 .text.st7735_drw_vline
                0x00000000080004b4       0x9c Src/ST7735.o
                0x00000000080004b4                st7735_drw_vline
 .text.st7735_drw_hline
                0x0000000008000550       0x9e Src/ST7735.o
                0x0000000008000550                st7735_drw_hline
 .text.st7735_fill_rect
                0x00000000080005ee       0xd2 Src/ST7735.o
                0x00000000080005ee                st7735_fill_rect
 .text.st7735_draw_char
                0x00000000080006c0      0x1d4 Src/ST7735.o
                0x00000000080006c0                st7735_draw_char
 .text.st7735_drw_str
                0x0000000008000894       0x70 Src/ST7735.o
                0x0000000008000894                st7735_drw_str
 .text.st7735_drw_axs
                0x0000000008000904      0x184 Src/ST7735.o
                0x0000000008000904                st7735_drw_axs
 .text.st7735_plt_pt
                0x0000000008000a88       0x98 Src/ST7735.o
                0x0000000008000a88                st7735_plt_pt
 .text.st7735_plt_incr
                0x0000000008000b20       0x48 Src/ST7735.o
                0x0000000008000b20                st7735_plt_incr
 .text.pa1_adc_init
                0x0000000008000b68       0x64 Src/adc.o
                0x0000000008000b68                pa1_adc_init
 .text.start_conversion
                0x0000000008000bcc       0x2c Src/adc.o
                0x0000000008000bcc                start_conversion
 .text.adc_read
                0x0000000008000bf8       0x24 Src/adc.o
                0x0000000008000bf8                adc_read
 .text.fpu_enable
                0x0000000008000c1c       0x54 Src/fpu.o
                0x0000000008000c1c                fpu_enable
 .text.main     0x0000000008000c70       0x2e Src/main.o
                0x0000000008000c70                main
 *fill*         0x0000000008000c9e        0x2 
 .text.draw_sensor_grph_axs
                0x0000000008000ca0       0x40 Src/main.o
 .text.draw_sys_info_bar
                0x0000000008000ce0       0x4c Src/main.o
 .text.plot_sensor_data
                0x0000000008000d2c       0x1c Src/main.o
 .text.spi1_gpio_init
                0x0000000008000d48      0x108 Src/spi.o
                0x0000000008000d48                spi1_gpio_init
 .text.spi_init
                0x0000000008000e50       0xd0 Src/spi.o
                0x0000000008000e50                spi_init
 .text.spi_transmit
                0x0000000008000f20      0x23c Src/spi.o
                0x0000000008000f20                spi_transmit
 .text.delay    0x000000000800115c       0x3c Src/timebase.o
                0x000000000800115c                delay
 .text.get_tick
                0x0000000008001198       0x2c Src/timebase.o
                0x0000000008001198                get_tick
 .text.tick_increment
                0x00000000080011c4       0x1c Src/timebase.o
 .text.timebase_msec_init
                0x00000000080011e0       0x48 Src/timebase.o
                0x00000000080011e0                timebase_msec_init
 .text.SysTick_Handler
                0x0000000008001228        0xc Src/timebase.o
                0x0000000008001228                SysTick_Handler
 .text.debug_uart_init
                0x0000000008001234       0x94 Src/uart.o
                0x0000000008001234                debug_uart_init
 .text.compute_uart_bd
                0x00000000080012c8       0x26 Src/uart.o
 *fill*         0x00000000080012ee        0x2 
 .text.uart_set_baudrate
                0x00000000080012f0       0x28 Src/uart.o
 .text.DMA2_Stream1_IRQHandler
                0x0000000008001318       0x44 Src/ws2812.o
                0x0000000008001318                DMA2_Stream1_IRQHandler
 .text.Reset_Handler
                0x000000000800135c       0x50 Startup/startup_stm32f411retx.o
                0x000000000800135c                Reset_Handler
 .text.Default_Handler
                0x00000000080013ac        0x2 Startup/startup_stm32f411retx.o
                0x00000000080013ac                RTC_Alarm_IRQHandler
                0x00000000080013ac                EXTI2_IRQHandler
                0x00000000080013ac                DebugMon_Handler
                0x00000000080013ac                SPI4_IRQHandler
                0x00000000080013ac                TIM1_CC_IRQHandler
                0x00000000080013ac                DMA2_Stream5_IRQHandler
                0x00000000080013ac                HardFault_Handler
                0x00000000080013ac                DMA1_Stream5_IRQHandler
                0x00000000080013ac                PVD_IRQHandler
                0x00000000080013ac                SDIO_IRQHandler
                0x00000000080013ac                TAMP_STAMP_IRQHandler
                0x00000000080013ac                PendSV_Handler
                0x00000000080013ac                NMI_Handler
                0x00000000080013ac                EXTI3_IRQHandler
                0x00000000080013ac                TIM1_UP_TIM10_IRQHandler
                0x00000000080013ac                I2C3_ER_IRQHandler
                0x00000000080013ac                EXTI0_IRQHandler
                0x00000000080013ac                I2C2_EV_IRQHandler
                0x00000000080013ac                DMA1_Stream2_IRQHandler
                0x00000000080013ac                FPU_IRQHandler
                0x00000000080013ac                UsageFault_Handler
                0x00000000080013ac                DMA2_Stream2_IRQHandler
                0x00000000080013ac                SPI1_IRQHandler
                0x00000000080013ac                TIM1_BRK_TIM9_IRQHandler
                0x00000000080013ac                DMA2_Stream3_IRQHandler
                0x00000000080013ac                USART6_IRQHandler
                0x00000000080013ac                DMA2_Stream0_IRQHandler
                0x00000000080013ac                TIM4_IRQHandler
                0x00000000080013ac                I2C1_EV_IRQHandler
                0x00000000080013ac                DMA1_Stream6_IRQHandler
                0x00000000080013ac                DMA1_Stream1_IRQHandler
                0x00000000080013ac                TIM3_IRQHandler
                0x00000000080013ac                RCC_IRQHandler
                0x00000000080013ac                Default_Handler
                0x00000000080013ac                EXTI15_10_IRQHandler
                0x00000000080013ac                ADC_IRQHandler
                0x00000000080013ac                DMA1_Stream7_IRQHandler
                0x00000000080013ac                SPI5_IRQHandler
                0x00000000080013ac                TIM5_IRQHandler
                0x00000000080013ac                DMA2_Stream7_IRQHandler
                0x00000000080013ac                I2C3_EV_IRQHandler
                0x00000000080013ac                EXTI9_5_IRQHandler
                0x00000000080013ac                RTC_WKUP_IRQHandler
                0x00000000080013ac                SPI2_IRQHandler
                0x00000000080013ac                MemManage_Handler
                0x00000000080013ac                DMA1_Stream0_IRQHandler
                0x00000000080013ac                SVC_Handler
                0x00000000080013ac                EXTI4_IRQHandler
                0x00000000080013ac                WWDG_IRQHandler
                0x00000000080013ac                TIM2_IRQHandler
                0x00000000080013ac                OTG_FS_WKUP_IRQHandler
                0x00000000080013ac                TIM1_TRG_COM_TIM11_IRQHandler
                0x00000000080013ac                EXTI1_IRQHandler
                0x00000000080013ac                USART2_IRQHandler
                0x00000000080013ac                I2C2_ER_IRQHandler
                0x00000000080013ac                FLASH_IRQHandler
                0x00000000080013ac                DMA2_Stream4_IRQHandler
                0x00000000080013ac                BusFault_Handler
                0x00000000080013ac                USART1_IRQHandler
                0x00000000080013ac                OTG_FS_IRQHandler
                0x00000000080013ac                SPI3_IRQHandler
                0x00000000080013ac                DMA1_Stream4_IRQHandler
                0x00000000080013ac                I2C1_ER_IRQHandler
                0x00000000080013ac                DMA2_Stream6_IRQHandler
                0x00000000080013ac                DMA1_Stream3_IRQHandler
 *fill*         0x00000000080013ae        0x2 
 .text.__libc_init_array
                0x00000000080013b0       0x48 c:/st/stm32cubeide_1.6.1/stm32cubeide/plugins/com.st.stm32cube.ide.mcu.externaltools.gnu-tools-for-stm32.9-2020-q2-update.win32_1.5.0.202011040924/tools/bin/../lib/gcc/arm-none-eabi/9.3.1/../../../../arm-none-eabi/lib/thumb/v7e-m+fp/hard\libc_nano.a(lib_a-init.o)
                0x00000000080013b0                __libc_init_array
 *(.glue_7)
 .glue_7        0x00000000080013f8        0x0 linker stubs
 *(.glue_7t)
 .glue_7t       0x00000000080013f8        0x0 linker stubs
 *(.eh_frame)
 .eh_frame      0x00000000080013f8        0x0 c:/st/stm32cubeide_1.6.1/stm32cubeide/plugins/com.st.stm32cube.ide.mcu.externaltools.gnu-tools-for-stm32.9-2020-q2-update.win32_1.5.0.202011040924/tools/bin/../lib/gcc/arm-none-eabi/9.3.1/thumb/v7e-m+fp/hard/crtbegin.o
 *(.init)
 .init          0x00000000080013f8        0x4 c:/st/stm32cubeide_1.6.1/stm32cubeide/plugins/com.st.stm32cube.ide.mcu.externaltools.gnu-tools-for-stm32.9-2020-q2-update.win32_1.5.0.202011040924/tools/bin/../lib/gcc/arm-none-eabi/9.3.1/thumb/v7e-m+fp/hard/crti.o
                0x00000000080013f8                _init
 .init          0x00000000080013fc        0x8 c:/st/stm32cubeide_1.6.1/stm32cubeide/plugins/com.st.stm32cube.ide.mcu.externaltools.gnu-tools-for-stm32.9-2020-q2-update.win32_1.5.0.202011040924/tools/bin/../lib/gcc/arm-none-eabi/9.3.1/thumb/v7e-m+fp/hard/crtn.o
 *(.fini)
 .fini          0x0000000008001404        0x4 c:/st/stm32cubeide_1.6.1/stm32cubeide/plugins/com.st.stm32cube.ide.mcu.externaltools.gnu-tools-for-stm32.9-2020-q2-update.win32_1.5.0.202011040924/tools/bin/../lib/gcc/arm-none-eabi/9.3.1/thumb/v7e-m+fp/hard/crti.o
                0x0000000008001404                _fini
 .fini          0x0000000008001408        0x8 c:/st/stm32cubeide_1.6.1/stm32cubeide/plugins/com.st.stm32cube.ide.mcu.externaltools.gnu-tools-for-stm32.9-2020-q2-update.win32_1.5.0.202011040924/tools/bin/../lib/gcc/arm-none-eabi/9.3.1/thumb/v7e-m+fp/hard/crtn.o
                0x0000000008001410                . = ALIGN (0x4)
                0x0000000008001410                _etext = .

.vfp11_veneer   0x0000000008001410        0x0
 .vfp11_veneer  0x0000000008001410        0x0 linker stubs

.v4_bx          0x0000000008001410        0x0
 .v4_bx         0x0000000008001410        0x0 linker stubs

.iplt           0x0000000008001410        0x0
 .iplt          0x0000000008001410        0x0 c:/st/stm32cubeide_1.6.1/stm32cubeide/plugins/com.st.stm32cube.ide.mcu.externaltools.gnu-tools-for-stm32.9-2020-q2-update.win32_1.5.0.202011040924/tools/bin/../lib/gcc/arm-none-eabi/9.3.1/thumb/v7e-m+fp/hard/crtbegin.o

.rodata         0x0000000008001410      0x524
                0x0000000008001410                . = ALIGN (0x4)
 *(.rodata)
 .rodata        0x0000000008001410       0x27 Src/main.o
 *(.rodata*)
 *fill*         0x0000000008001437        0x1 
 .rodata.Font   0x0000000008001438      0x4fb Src/ST7735.o
                0x0000000008001934                . = ALIGN (0x4)
 *fill*         0x0000000008001933        0x1 

.rel.dyn        0x0000000008001934        0x0
 .rel.iplt      0x0000000008001934        0x0 c:/st/stm32cubeide_1.6.1/stm32cubeide/plugins/com.st.stm32cube.ide.mcu.externaltools.gnu-tools-for-stm32.9-2020-q2-update.win32_1.5.0.202011040924/tools/bin/../lib/gcc/arm-none-eabi/9.3.1/thumb/v7e-m+fp/hard/crtbegin.o

.ARM.extab      0x0000000008001934        0x0
                0x0000000008001934                . = ALIGN (0x4)
 *(.ARM.extab* .gnu.linkonce.armextab.*)
                0x0000000008001934                . = ALIGN (0x4)

.ARM            0x0000000008001934        0x0
                0x0000000008001934                . = ALIGN (0x4)
                0x0000000008001934                __exidx_start = .
 *(.ARM.exidx*)
                0x0000000008001934                __exidx_end = .
                0x0000000008001934                . = ALIGN (0x4)

.preinit_array  0x0000000008001934        0x0
                0x0000000008001934                . = ALIGN (0x4)
                0x0000000008001934                PROVIDE (__preinit_array_start = .)
 *(.preinit_array*)
                0x0000000008001934                PROVIDE (__preinit_array_end = .)
                0x0000000008001934                . = ALIGN (0x4)

.init_array     0x0000000008001934        0x4
                0x0000000008001934                . = ALIGN (0x4)
                0x0000000008001934                PROVIDE (__init_array_start = .)
 *(SORT_BY_NAME(.init_array.*))
 *(.init_array*)
 .init_array    0x0000000008001934        0x4 c:/st/stm32cubeide_1.6.1/stm32cubeide/plugins/com.st.stm32cube.ide.mcu.externaltools.gnu-tools-for-stm32.9-2020-q2-update.win32_1.5.0.202011040924/tools/bin/../lib/gcc/arm-none-eabi/9.3.1/thumb/v7e-m+fp/hard/crtbegin.o
                0x0000000008001938                PROVIDE (__init_array_end = .)
                0x0000000008001938                . = ALIGN (0x4)

.fini_array     0x0000000008001938        0x4
                0x0000000008001938                . = ALIGN (0x4)
                [!provide]                        PROVIDE (__fini_array_start = .)
 *(SORT_BY_NAME(.fini_array.*))
 *(.fini_array*)
 .fini_array    0x0000000008001938        0x4 c:/st/stm32cubeide_1.6.1/stm32cubeide/plugins/com.st.stm32cube.ide.mcu.externaltools.gnu-tools-for-stm32.9-2020-q2-update.win32_1.5.0.202011040924/tools/bin/../lib/gcc/arm-none-eabi/9.3.1/thumb/v7e-m+fp/hard/crtbegin.o
                [!provide]                        PROVIDE (__fini_array_end = .)
                0x000000000800193c                . = ALIGN (0x4)
                0x000000000800193c                _sidata = LOADADDR (.data)

.data           0x0000000020000000        0x0 load address 0x000000000800193c
                0x0000000020000000                . = ALIGN (0x4)
                0x0000000020000000                _sdata = .
 *(.data)
 *(.data*)
 *(.RamFunc)
 *(.RamFunc*)
                0x0000000020000000                . = ALIGN (0x4)
                0x0000000020000000                _edata = .

.igot.plt       0x0000000020000000        0x0 load address 0x000000000800193c
 .igot.plt      0x0000000020000000        0x0 c:/st/stm32cubeide_1.6.1/stm32cubeide/plugins/com.st.stm32cube.ide.mcu.externaltools.gnu-tools-for-stm32.9-2020-q2-update.win32_1.5.0.202011040924/tools/bin/../lib/gcc/arm-none-eabi/9.3.1/thumb/v7e-m+fp/hard/crtbegin.o
                0x0000000020000000                . = ALIGN (0x4)

.bss            0x0000000020000000      0x774 load address 0x000000000800193c
                0x0000000020000000                _sbss = .
                0x0000000020000000                __bss_start__ = _sbss
 *(.bss)
 .bss           0x0000000020000000       0x1c c:/st/stm32cubeide_1.6.1/stm32cubeide/plugins/com.st.stm32cube.ide.mcu.externaltools.gnu-tools-for-stm32.9-2020-q2-update.win32_1.5.0.202011040924/tools/bin/../lib/gcc/arm-none-eabi/9.3.1/thumb/v7e-m+fp/hard/crtbegin.o
 *(.bss*)
 *(COMMON)
 COMMON         0x000000002000001c       0x58 Src/ST7735.o
                0x000000002000001c                g_plot_bg_color
                0x0000000020000020                g_time_index
                0x0000000020000024                g_ymax
                0x0000000020000028                g_yrange
                0x000000002000002c                g_ymin
                0x0000000020000030                hspi1
 COMMON         0x0000000020000074        0x8 Src/timebase.o
                0x0000000020000074                g_curr_tick_p
                0x0000000020000078                g_curr_tick
 COMMON         0x000000002000007c      0x6f8 Src/ws2812.o
                0x000000002000007c                LED_MOD
                0x00000000200000f4                PWM_DATA
                0x00000000200006f8                g_finished
                0x00000000200006fc                LED_DATA
                0x0000000020000774                . = ALIGN (0x4)
                0x0000000020000774                _ebss = .
                0x0000000020000774                __bss_end__ = _ebss

._user_heap_stack
                0x0000000020000774      0x604 load address 0x000000000800193c
                0x0000000020000778                . = ALIGN (0x8)
 *fill*         0x0000000020000774        0x4 
                [!provide]                        PROVIDE (end = .)
                0x0000000020000778                PROVIDE (_end = .)
                0x0000000020000978                . = (. + _Min_Heap_Size)
 *fill*         0x0000000020000778      0x200 
                0x0000000020000d78                . = (. + _Min_Stack_Size)
 *fill*         0x0000000020000978      0x400 
                0x0000000020000d78                . = ALIGN (0x8)

/DISCARD/
 libc.a(*)
 libm.a(*)
 libgcc.a(*)

.ARM.attributes
                0x0000000000000000       0x30
 *(.ARM.attributes)
 .ARM.attributes
                0x0000000000000000       0x1e c:/st/stm32cubeide_1.6.1/stm32cubeide/plugins/com.st.stm32cube.ide.mcu.externaltools.gnu-tools-for-stm32.9-2020-q2-update.win32_1.5.0.202011040924/tools/bin/../lib/gcc/arm-none-eabi/9.3.1/thumb/v7e-m+fp/hard/crti.o
 .ARM.attributes
                0x000000000000001e       0x34 c:/st/stm32cubeide_1.6.1/stm32cubeide/plugins/com.st.stm32cube.ide.mcu.externaltools.gnu-tools-for-stm32.9-2020-q2-update.win32_1.5.0.202011040924/tools/bin/../lib/gcc/arm-none-eabi/9.3.1/thumb/v7e-m+fp/hard/crtbegin.o
 .ARM.attributes
                0x0000000000000052       0x34 Src/ST7735.o
 .ARM.attributes
                0x0000000000000086       0x34 Src/adc.o
 .ARM.attributes
                0x00000000000000ba       0x34 Src/fpu.o
 .ARM.attributes
                0x00000000000000ee       0x34 Src/main.o
 .ARM.attributes
                0x0000000000000122       0x34 Src/spi.o
 .ARM.attributes
                0x0000000000000156       0x34 Src/timebase.o
 .ARM.attributes
                0x000000000000018a       0x34 Src/uart.o
 .ARM.attributes
                0x00000000000001be       0x34 Src/ws2812.o
 .ARM.attributes
                0x00000000000001f2       0x21 Startup/startup_stm32f411retx.o
 .ARM.attributes
                0x0000000000000213       0x34 c:/st/stm32cubeide_1.6.1/stm32cubeide/plugins/com.st.stm32cube.ide.mcu.externaltools.gnu-tools-for-stm32.9-2020-q2-update.win32_1.5.0.202011040924/tools/bin/../lib/gcc/arm-none-eabi/9.3.1/../../../../arm-none-eabi/lib/thumb/v7e-m+fp/hard\libc_nano.a(lib_a-init.o)
 .ARM.attributes
                0x0000000000000247       0x1e c:/st/stm32cubeide_1.6.1/stm32cubeide/plugins/com.st.stm32cube.ide.mcu.externaltools.gnu-tools-for-stm32.9-2020-q2-update.win32_1.5.0.202011040924/tools/bin/../lib/gcc/arm-none-eabi/9.3.1/thumb/v7e-m+fp/hard/crtn.o
OUTPUT(14_ST7735-TFT.elf elf32-littlearm)
LOAD linker stubs
LOAD c:/st/stm32cubeide_1.6.1/stm32cubeide/plugins/com.st.stm32cube.ide.mcu.externaltools.gnu-tools-for-stm32.9-2020-q2-update.win32_1.5.0.202011040924/tools/bin/../lib/gcc/arm-none-eabi/9.3.1/../../../../arm-none-eabi/lib/thumb/v7e-m+fp/hard\libc.a
LOAD c:/st/stm32cubeide_1.6.1/stm32cubeide/plugins/com.st.stm32cube.ide.mcu.externaltools.gnu-tools-for-stm32.9-2020-q2-update.win32_1.5.0.202011040924/tools/bin/../lib/gcc/arm-none-eabi/9.3.1/../../../../arm-none-eabi/lib/thumb/v7e-m+fp/hard\libm.a
LOAD c:/st/stm32cubeide_1.6.1/stm32cubeide/plugins/com.st.stm32cube.ide.mcu.externaltools.gnu-tools-for-stm32.9-2020-q2-update.win32_1.5.0.202011040924/tools/bin/../lib/gcc/arm-none-eabi/9.3.1/thumb/v7e-m+fp/hard\libgcc.a

.debug_info     0x0000000000000000     0x439d
 .debug_info    0x0000000000000000      0xb71 Src/ST7735.o
 .debug_info    0x0000000000000b71      0x516 Src/adc.o
 .debug_info    0x0000000000001087      0x2ef Src/fpu.o
 .debug_info    0x0000000000001376      0xa81 Src/main.o
 .debug_info    0x0000000000001df7      0x75f Src/spi.o
 .debug_info    0x0000000000002556      0x591 Src/timebase.o
 .debug_info    0x0000000000002ae7      0x51e Src/uart.o
 .debug_info    0x0000000000003005     0x1376 Src/ws2812.o
 .debug_info    0x000000000000437b       0x22 Startup/startup_stm32f411retx.o

.debug_abbrev   0x0000000000000000      0xe72
 .debug_abbrev  0x0000000000000000      0x2b5 Src/ST7735.o
 .debug_abbrev  0x00000000000002b5      0x129 Src/adc.o
 .debug_abbrev  0x00000000000003de       0xdc Src/fpu.o
 .debug_abbrev  0x00000000000004ba      0x1f4 Src/main.o
 .debug_abbrev  0x00000000000006ae      0x172 Src/spi.o
 .debug_abbrev  0x0000000000000820      0x1d2 Src/timebase.o
 .debug_abbrev  0x00000000000009f2      0x16a Src/uart.o
 .debug_abbrev  0x0000000000000b5c      0x304 Src/ws2812.o
 .debug_abbrev  0x0000000000000e60       0x12 Startup/startup_stm32f411retx.o

.debug_aranges  0x0000000000000000      0x270
 .debug_aranges
                0x0000000000000000       0xb0 Src/ST7735.o
 .debug_aranges
                0x00000000000000b0       0x30 Src/adc.o
 .debug_aranges
                0x00000000000000e0       0x20 Src/fpu.o
 .debug_aranges
                0x0000000000000100       0x38 Src/main.o
 .debug_aranges
                0x0000000000000138       0x38 Src/spi.o
 .debug_aranges
                0x0000000000000170       0x50 Src/timebase.o
 .debug_aranges
                0x00000000000001c0       0x40 Src/uart.o
 .debug_aranges
                0x0000000000000200       0x48 Src/ws2812.o
 .debug_aranges
                0x0000000000000248       0x28 Startup/startup_stm32f411retx.o

.debug_ranges   0x0000000000000000      0x1e8
 .debug_ranges  0x0000000000000000       0xa0 Src/ST7735.o
 .debug_ranges  0x00000000000000a0       0x20 Src/adc.o
 .debug_ranges  0x00000000000000c0       0x10 Src/fpu.o
 .debug_ranges  0x00000000000000d0       0x28 Src/main.o
 .debug_ranges  0x00000000000000f8       0x28 Src/spi.o
 .debug_ranges  0x0000000000000120       0x40 Src/timebase.o
 .debug_ranges  0x0000000000000160       0x30 Src/uart.o
 .debug_ranges  0x0000000000000190       0x38 Src/ws2812.o
 .debug_ranges  0x00000000000001c8       0x20 Startup/startup_stm32f411retx.o

.debug_macro    0x0000000000000000     0xf960
 .debug_macro   0x0000000000000000       0xff Src/ST7735.o
 .debug_macro   0x00000000000000ff      0xab4 Src/ST7735.o
 .debug_macro   0x0000000000000bb3       0x22 Src/ST7735.o
 .debug_macro   0x0000000000000bd5       0x8e Src/ST7735.o
 .debug_macro   0x0000000000000c63       0x51 Src/ST7735.o
 .debug_macro   0x0000000000000cb4      0x103 Src/ST7735.o
 .debug_macro   0x0000000000000db7       0x6a Src/ST7735.o
 .debug_macro   0x0000000000000e21      0x1df Src/ST7735.o
 .debug_macro   0x0000000000001000       0x28 Src/ST7735.o
 .debug_macro   0x0000000000001028       0x28 Src/ST7735.o
 .debug_macro   0x0000000000001050       0x1c Src/ST7735.o
 .debug_macro   0x000000000000106c       0x22 Src/ST7735.o
 .debug_macro   0x000000000000108e       0xdf Src/ST7735.o
 .debug_macro   0x000000000000116d     0x102d Src/ST7735.o
 .debug_macro   0x000000000000219a      0x11f Src/ST7735.o
 .debug_macro   0x00000000000022b9     0xb937 Src/ST7735.o
 .debug_macro   0x000000000000dbf0       0x43 Src/ST7735.o
 .debug_macro   0x000000000000dc33       0x10 Src/ST7735.o
 .debug_macro   0x000000000000dc43       0x7c Src/ST7735.o
 .debug_macro   0x000000000000dcbf       0xc1 Src/ST7735.o
 .debug_macro   0x000000000000dd80      0x108 Src/adc.o
 .debug_macro   0x000000000000de88       0xce Src/fpu.o
 .debug_macro   0x000000000000df56      0x2f8 Src/main.o
 .debug_macro   0x000000000000e24e       0x4c Src/main.o
 .debug_macro   0x000000000000e29a       0x18 Src/main.o
 .debug_macro   0x000000000000e2b2       0x94 Src/main.o
 .debug_macro   0x000000000000e346       0x3c Src/main.o
 .debug_macro   0x000000000000e382       0x34 Src/main.o
 .debug_macro   0x000000000000e3b6       0x16 Src/main.o
 .debug_macro   0x000000000000e3cc       0x57 Src/main.o
 .debug_macro   0x000000000000e423       0x97 Src/main.o
 .debug_macro   0x000000000000e4ba      0x339 Src/main.o
 .debug_macro   0x000000000000e7f3       0xfd Src/main.o
 .debug_macro   0x000000000000e8f0       0x10 Src/main.o
 .debug_macro   0x000000000000e900       0x16 Src/main.o
 .debug_macro   0x000000000000e916       0x43 Src/main.o
 .debug_macro   0x000000000000e959       0x34 Src/main.o
 .debug_macro   0x000000000000e98d       0x10 Src/main.o
 .debug_macro   0x000000000000e99d       0x58 Src/main.o
 .debug_macro   0x000000000000e9f5       0x71 Src/main.o
 .debug_macro   0x000000000000ea66       0x1c Src/main.o
 .debug_macro   0x000000000000ea82      0x12a Src/main.o
 .debug_macro   0x000000000000ebac       0x10 Src/main.o
 .debug_macro   0x000000000000ebbc       0x1c Src/main.o
 .debug_macro   0x000000000000ebd8       0x52 Src/main.o
 .debug_macro   0x000000000000ec2a       0x22 Src/main.o
 .debug_macro   0x000000000000ec4c       0x10 Src/main.o
 .debug_macro   0x000000000000ec5c       0x40 Src/main.o
 .debug_macro   0x000000000000ec9c       0xd5 Src/main.o
 .debug_macro   0x000000000000ed71       0x1c Src/main.o
 .debug_macro   0x000000000000ed8d       0x3d Src/main.o
 .debug_macro   0x000000000000edca       0x16 Src/main.o
 .debug_macro   0x000000000000ede0      0x145 Src/main.o
 .debug_macro   0x000000000000ef25       0xd9 Src/main.o
 .debug_macro   0x000000000000effe       0x16 Src/main.o
 .debug_macro   0x000000000000f014       0x35 Src/main.o
 .debug_macro   0x000000000000f049       0x16 Src/main.o
 .debug_macro   0x000000000000f05f       0x29 Src/main.o
 .debug_macro   0x000000000000f088       0x16 Src/main.o
 .debug_macro   0x000000000000f09e      0x1a9 Src/main.o
 .debug_macro   0x000000000000f247       0xc1 Src/main.o
 .debug_macro   0x000000000000f308       0xfb Src/spi.o
 .debug_macro   0x000000000000f403      0x174 Src/spi.o
 .debug_macro   0x000000000000f577      0x126 Src/timebase.o
 .debug_macro   0x000000000000f69d      0x108 Src/uart.o
 .debug_macro   0x000000000000f7a5      0x1ab Src/ws2812.o
 .debug_macro   0x000000000000f950       0x10 Src/ws2812.o

.debug_line     0x0000000000000000     0x3b44
 .debug_line    0x0000000000000000      0xa3d Src/ST7735.o
 .debug_line    0x0000000000000a3d      0x5ac Src/adc.o
 .debug_line    0x0000000000000fe9      0x4f7 Src/fpu.o
 .debug_line    0x00000000000014e0      0x834 Src/main.o
 .debug_line    0x0000000000001d14      0x821 Src/spi.o
 .debug_line    0x0000000000002535      0x6f5 Src/timebase.o
 .debug_line    0x0000000000002c2a      0x5f7 Src/uart.o
 .debug_line    0x0000000000003221      0x89f Src/ws2812.o
 .debug_line    0x0000000000003ac0       0x84 Startup/startup_stm32f411retx.o

.debug_str      0x0000000000000000    0x55729
 .debug_str     0x0000000000000000    0x4ff49 Src/ST7735.o
                                      0x500ff (size before relaxing)
 .debug_str     0x000000000004ff49      0x11f Src/adc.o
                                      0x4f8cd (size before relaxing)
 .debug_str     0x0000000000050068       0x6c Src/fpu.o
                                      0x4f6e4 (size before relaxing)
 .debug_str     0x00000000000500d4     0x4d12 Src/main.o
                                      0x54a51 (size before relaxing)
 .debug_str     0x0000000000054de6       0xae Src/spi.o
                                      0x4ffc1 (size before relaxing)
 .debug_str     0x0000000000054e94      0x1c6 Src/timebase.o
                                      0x4f976 (size before relaxing)
 .debug_str     0x000000000005505a       0xf6 Src/uart.o
                                      0x4f8dd (size before relaxing)
 .debug_str     0x0000000000055150      0x5a8 Src/ws2812.o
                                      0x53aa0 (size before relaxing)
 .debug_str     0x00000000000556f8       0x31 Startup/startup_stm32f411retx.o
                                         0x87 (size before relaxing)

.comment        0x0000000000000000       0x53
 .comment       0x0000000000000000       0x53 Src/ST7735.o
                                         0x54 (size before relaxing)
 .comment       0x0000000000000053       0x54 Src/adc.o
 .comment       0x0000000000000053       0x54 Src/fpu.o
 .comment       0x0000000000000053       0x54 Src/main.o
 .comment       0x0000000000000053       0x54 Src/spi.o
 .comment       0x0000000000000053       0x54 Src/timebase.o
 .comment       0x0000000000000053       0x54 Src/uart.o
 .comment       0x0000000000000053       0x54 Src/ws2812.o

.debug_frame    0x0000000000000000      0x750
 .debug_frame   0x0000000000000000      0x2b4 Src/ST7735.o
 .debug_frame   0x00000000000002b4       0x70 Src/adc.o
 .debug_frame   0x0000000000000324       0x30 Src/fpu.o
 .debug_frame   0x0000000000000354       0x88 Src/main.o
 .debug_frame   0x00000000000003dc       0xa0 Src/spi.o
 .debug_frame   0x000000000000047c       0xf8 Src/timebase.o
 .debug_frame   0x0000000000000574       0xc4 Src/uart.o
 .debug_frame   0x0000000000000638       0xec Src/ws2812.o
 .debug_frame   0x0000000000000724       0x2c c:/st/stm32cubeide_1.6.1/stm32cubeide/plugins/com.st.stm32cube.ide.mcu.externaltools.gnu-tools-for-stm32.9-2020-q2-update.win32_1.5.0.202011040924/tools/bin/../lib/gcc/arm-none-eabi/9.3.1/../../../../arm-none-eabi/lib/thumb/v7e-m+fp/hard\libc_nano.a(lib_a-init.o)
