11:14:06 **** Build of configuration Debug for project 2_system_drivers-uart ****
make -j8 all 
arm-none-eabi-gcc "../Src/fpu.c" -mcpu=cortex-m4 -std=gnu11 -g3 -DDEBUG -DSTM32 -DSTM32F4 -DSTM32F411RETx -DSTM32F411xE -c -I../Inc -I"C:/Users/Gaming Laptop RTX/Documents/EmbeddedDisplayDriversCourse/2_system_drivers-uart/chip_headers/CMSIS/Include" -I"C:/Users/Gaming Laptop RTX/Documents/EmbeddedDisplayDriversCourse/2_system_drivers-uart/chip_headers/CMSIS/Device/ST/STM32F4xx/Include" -O0 -ffunction-sections -fdata-sections -Wall -fstack-usage -MMD -MP -MF"Src/fpu.d" -MT"Src/fpu.o" --specs=nano.specs -mfpu=fpv4-sp-d16 -mfloat-abi=hard -mthumb -o "Src/fpu.o"
arm-none-eabi-gcc "../Src/main.c" -mcpu=cortex-m4 -std=gnu11 -g3 -DDEBUG -DSTM32 -DSTM32F4 -DSTM32F411RETx -DSTM32F411xE -c -I../Inc -I"C:/Users/Gaming Laptop RTX/Documents/EmbeddedDisplayDriversCourse/2_system_drivers-uart/chip_headers/CMSIS/Include" -I"C:/Users/Gaming Laptop RTX/Documents/EmbeddedDisplayDriversCourse/2_system_drivers-uart/chip_headers/CMSIS/Device/ST/STM32F4xx/Include" -O0 -ffunction-sections -fdata-sections -Wall -fstack-usage -MMD -MP -MF"Src/main.d" -MT"Src/main.o" --specs=nano.specs -mfpu=fpv4-sp-d16 -mfloat-abi=hard -mthumb -o "Src/main.o"
arm-none-eabi-gcc "../Src/syscalls.c" -mcpu=cortex-m4 -std=gnu11 -g3 -DDEBUG -DSTM32 -DSTM32F4 -DSTM32F411RETx -DSTM32F411xE -c -I../Inc -I"C:/Users/Gaming Laptop RTX/Documents/EmbeddedDisplayDriversCourse/2_system_drivers-uart/chip_headers/CMSIS/Include" -I"C:/Users/Gaming Laptop RTX/Documents/EmbeddedDisplayDriversCourse/2_system_drivers-uart/chip_headers/CMSIS/Device/ST/STM32F4xx/Include" -O0 -ffunction-sections -fdata-sections -Wall -fstack-usage -MMD -MP -MF"Src/syscalls.d" -MT"Src/syscalls.o" --specs=nano.specs -mfpu=fpv4-sp-d16 -mfloat-abi=hard -mthumb -o "Src/syscalls.o"
arm-none-eabi-gcc "../Src/sysmem.c" -mcpu=cortex-m4 -std=gnu11 -g3 -DDEBUG -DSTM32 -DSTM32F4 -DSTM32F411RETx -DSTM32F411xE -c -I../Inc -I"C:/Users/Gaming Laptop RTX/Documents/EmbeddedDisplayDriversCourse/2_system_drivers-uart/chip_headers/CMSIS/Include" -I"C:/Users/Gaming Laptop RTX/Documents/EmbeddedDisplayDriversCourse/2_system_drivers-uart/chip_headers/CMSIS/Device/ST/STM32F4xx/Include" -O0 -ffunction-sections -fdata-sections -Wall -fstack-usage -MMD -MP -MF"Src/sysmem.d" -MT"Src/sysmem.o" --specs=nano.specs -mfpu=fpv4-sp-d16 -mfloat-abi=hard -mthumb -o "Src/sysmem.o"
arm-none-eabi-gcc "../Src/uart.c" -mcpu=cortex-m4 -std=gnu11 -g3 -DDEBUG -DSTM32 -DSTM32F4 -DSTM32F411RETx -DSTM32F411xE -c -I../Inc -I"C:/Users/Gaming Laptop RTX/Documents/EmbeddedDisplayDriversCourse/2_system_drivers-uart/chip_headers/CMSIS/Include" -I"C:/Users/Gaming Laptop RTX/Documents/EmbeddedDisplayDriversCourse/2_system_drivers-uart/chip_headers/CMSIS/Device/ST/STM32F4xx/Include" -O0 -ffunction-sections -fdata-sections -Wall -fstack-usage -MMD -MP -MF"Src/uart.d" -MT"Src/uart.o" --specs=nano.specs -mfpu=fpv4-sp-d16 -mfloat-abi=hard -mthumb -o "Src/uart.o"
arm-none-eabi-gcc -o "2_system_drivers-uart.elf" @"objects.list"   -mcpu=cortex-m4 -T"C:\Users\Gaming Laptop RTX\Documents\EmbeddedDisplayDriversCourse\2_system_drivers-uart\STM32F411RETX_FLASH.ld" --specs=nosys.specs -Wl,-Map="2_system_drivers-uart.map" -Wl,--gc-sections -static --specs=nano.specs -mfpu=fpv4-sp-d16 -mfloat-abi=hard -mthumb -Wl,--start-group -lc -lm -Wl,--end-group
Finished building target: 2_system_drivers-uart.elf
 
arm-none-eabi-objdump -h -S  2_system_drivers-uart.elf  > "2_system_drivers-uart.list"
arm-none-eabi-objcopy  -O binary  2_system_drivers-uart.elf  "2_system_drivers-uart.bin"
arm-none-eabi-size   2_system_drivers-uart.elf 
   text	   data	    bss	    dec	    hex	filename
   5528	    108	   1596	   7232	   1c40	2_system_drivers-uart.elf
Finished building: default.size.stdout
 
Finished building: 2_system_drivers-uart.bin
 
Finished building: 2_system_drivers-uart.list
 

11:14:07 Build Finished. 0 errors, 0 warnings. (took 1s.406ms)

