11:14:08 **** Build of configuration Debug for project 3_system_drivers-timebase ****
make -j8 all 
arm-none-eabi-gcc "../Src/fpu.c" -mcpu=cortex-m4 -std=gnu11 -g3 -DDEBUG -DSTM32 -DSTM32F4 -DSTM32F411RETx -DSTM32F411xE -c -I../Inc -I"C:/Users/Gaming Laptop RTX/Documents/EmbeddedDisplayDriversCourse/3_system_drivers-timebase/chip_headers/CMSIS/Include" -I"C:/Users/Gaming Laptop RTX/Documents/EmbeddedDisplayDriversCourse/3_system_drivers-timebase/chip_headers/CMSIS/Device/ST/STM32F4xx/Include" -O0 -ffunction-sections -fdata-sections -Wall -fstack-usage -MMD -MP -MF"Src/fpu.d" -MT"Src/fpu.o" --specs=nano.specs -mfpu=fpv4-sp-d16 -mfloat-abi=hard -mthumb -o "Src/fpu.o"
arm-none-eabi-gcc "../Src/main.c" -mcpu=cortex-m4 -std=gnu11 -g3 -DDEBUG -DSTM32 -DSTM32F4 -DSTM32F411RETx -DSTM32F411xE -c -I../Inc -I"C:/Users/Gaming Laptop RTX/Documents/EmbeddedDisplayDriversCourse/3_system_drivers-timebase/chip_headers/CMSIS/Include" -I"C:/Users/Gaming Laptop RTX/Documents/EmbeddedDisplayDriversCourse/3_system_drivers-timebase/chip_headers/CMSIS/Device/ST/STM32F4xx/Include" -O0 -ffunction-sections -fdata-sections -Wall -fstack-usage -MMD -MP -MF"Src/main.d" -MT"Src/main.o" --specs=nano.specs -mfpu=fpv4-sp-d16 -mfloat-abi=hard -mthumb -o "Src/main.o"
arm-none-eabi-gcc "../Src/syscalls.c" -mcpu=cortex-m4 -std=gnu11 -g3 -DDEBUG -DSTM32 -DSTM32F4 -DSTM32F411RETx -DSTM32F411xE -c -I../Inc -I"C:/Users/Gaming Laptop RTX/Documents/EmbeddedDisplayDriversCourse/3_system_drivers-timebase/chip_headers/CMSIS/Include" -I"C:/Users/Gaming Laptop RTX/Documents/EmbeddedDisplayDriversCourse/3_system_drivers-timebase/chip_headers/CMSIS/Device/ST/STM32F4xx/Include" -O0 -ffunction-sections -fdata-sections -Wall -fstack-usage -MMD -MP -MF"Src/syscalls.d" -MT"Src/syscalls.o" --specs=nano.specs -mfpu=fpv4-sp-d16 -mfloat-abi=hard -mthumb -o "Src/syscalls.o"
arm-none-eabi-gcc "../Src/sysmem.c" -mcpu=cortex-m4 -std=gnu11 -g3 -DDEBUG -DSTM32 -DSTM32F4 -DSTM32F411RETx -DSTM32F411xE -c -I../Inc -I"C:/Users/Gaming Laptop RTX/Documents/EmbeddedDisplayDriversCourse/3_system_drivers-timebase/chip_headers/CMSIS/Include" -I"C:/Users/Gaming Laptop RTX/Documents/EmbeddedDisplayDriversCourse/3_system_drivers-timebase/chip_headers/CMSIS/Device/ST/STM32F4xx/Include" -O0 -ffunction-sections -fdata-sections -Wall -fstack-usage -MMD -MP -MF"Src/sysmem.d" -MT"Src/sysmem.o" --specs=nano.specs -mfpu=fpv4-sp-d16 -mfloat-abi=hard -mthumb -o "Src/sysmem.o"
arm-none-eabi-gcc "../Src/timebase.c" -mcpu=cortex-m4 -std=gnu11 -g3 -DDEBUG -DSTM32 -DSTM32F4 -DSTM32F411RETx -DSTM32F411xE -c -I../Inc -I"C:/Users/Gaming Laptop RTX/Documents/EmbeddedDisplayDriversCourse/3_system_drivers-timebase/chip_headers/CMSIS/Include" -I"C:/Users/Gaming Laptop RTX/Documents/EmbeddedDisplayDriversCourse/3_system_drivers-timebase/chip_headers/CMSIS/Device/ST/STM32F4xx/Include" -O0 -ffunction-sections -fdata-sections -Wall -fstack-usage -MMD -MP -MF"Src/timebase.d" -MT"Src/timebase.o" --specs=nano.specs -mfpu=fpv4-sp-d16 -mfloat-abi=hard -mthumb -o "Src/timebase.o"
arm-none-eabi-gcc "../Src/uart.c" -mcpu=cortex-m4 -std=gnu11 -g3 -DDEBUG -DSTM32 -DSTM32F4 -DSTM32F411RETx -DSTM32F411xE -c -I../Inc -I"C:/Users/Gaming Laptop RTX/Documents/EmbeddedDisplayDriversCourse/3_system_drivers-timebase/chip_headers/CMSIS/Include" -I"C:/Users/Gaming Laptop RTX/Documents/EmbeddedDisplayDriversCourse/3_system_drivers-timebase/chip_headers/CMSIS/Device/ST/STM32F4xx/Include" -O0 -ffunction-sections -fdata-sections -Wall -fstack-usage -MMD -MP -MF"Src/uart.d" -MT"Src/uart.o" --specs=nano.specs -mfpu=fpv4-sp-d16 -mfloat-abi=hard -mthumb -o "Src/uart.o"
arm-none-eabi-gcc -o "3_system_drivers-timebase.elf" @"objects.list"   -mcpu=cortex-m4 -T"C:\Users\Gaming Laptop RTX\Documents\EmbeddedDisplayDriversCourse\3_system_drivers-timebase\STM32F411RETX_FLASH.ld" --specs=nosys.specs -Wl,-Map="3_system_drivers-timebase.map" -Wl,--gc-sections -static --specs=nano.specs -mfpu=fpv4-sp-d16 -mfloat-abi=hard -mthumb -Wl,--start-group -lc -lm -Wl,--end-group
Finished building target: 3_system_drivers-timebase.elf
 
arm-none-eabi-objdump -h -S  3_system_drivers-timebase.elf  > "3_system_drivers-timebase.list"
arm-none-eabi-objcopy  -O binary  3_system_drivers-timebase.elf  "3_system_drivers-timebase.bin"
arm-none-eabi-size   3_system_drivers-timebase.elf 
   text	   data	    bss	    dec	    hex	filename
   5732	    108	   1604	   7444	   1d14	3_system_drivers-timebase.elf
Finished building: default.size.stdout
 
Finished building: 3_system_drivers-timebase.bin
 
Finished building: 3_system_drivers-timebase.list
 

11:14:09 Build Finished. 0 errors, 0 warnings. (took 1s.649ms)

