11:32:38 **** Incremental Build of configuration Debug for project 15_Character_LCD ****
make -j8 all 
arm-none-eabi-gcc "../Src/char_lcd.c" -mcpu=cortex-m4 -std=gnu11 -g3 -DDEBUG -DSTM32 -DSTM32F4 -DSTM32F411RETx -DSTM32F411xE -c -I"C:/Users/Gaming Laptop RTX/Documents/EmbeddedDisplayDriversCourse/15_Character_LCD/chip_headers/CMSIS/Include" -I"C:/Users/Gaming Laptop RTX/Documents/EmbeddedDisplayDriversCourse/15_Character_LCD/chip_headers/CMSIS/Device/ST/STM32F4xx/Include" -I"C:/Users/Gaming Laptop RTX/Documents/EmbeddedDisplayDriversCourse/15_Character_LCD/Inc" -O0 -ffunction-sections -fdata-sections -Wall -fstack-usage -MMD -MP -MF"Src/char_lcd.d" -MT"Src/char_lcd.o" --specs=nano.specs -mfpu=fpv4-sp-d16 -mfloat-abi=hard -mthumb -o "Src/char_lcd.o"
arm-none-eabi-gcc -o "15_Character_LCD.elf" @"objects.list"   -mcpu=cortex-m4 -T"C:\Users\Gaming Laptop RTX\Documents\EmbeddedDisplayDriversCourse\15_Character_LCD\STM32F411RETX_FLASH.ld" --specs=nosys.specs -Wl,-Map="15_Character_LCD.map" -Wl,--gc-sections -static --specs=nano.specs -mfpu=fpv4-sp-d16 -mfloat-abi=hard -mthumb -Wl,--start-group -lc -lm -Wl,--end-group
Finished building target: 15_Character_LCD.elf
 
arm-none-eabi-objdump -h -S  15_Character_LCD.elf  > "15_Character_LCD.list"
arm-none-eabi-objcopy  -O binary  15_Character_LCD.elf  "15_Character_LCD.bin"
arm-none-eabi-size   15_Character_LCD.elf 
   text	   data	    bss	    dec	    hex	filename
   4732	    108	   3484	   8324	   2084	15_Character_LCD.elf
Finished building: default.size.stdout
 
Finished building: 15_Character_LCD.bin
Finished building: 15_Character_LCD.list
 
 
11:33:22 **** Incremental Build of configuration Debug for project 15_Character_LCD ****
make -j8 all 
arm-none-eabi-size   15_Character_LCD.elf 
   text	   data	    bss	    dec	    hex	filename
   4732	    108	   3484	   8324	   2084	15_Character_LCD.elf
Finished building: default.size.stdout
 
