ST7735.c:27:6:st7735_init	8	static
ST7735.c:42:6:st7735_fill_screen	24	static
ST7735.c:46:6:standard_init_cmds	8	static
ST7735.c:82:6:st7735_gpio_init	4	static
ST7735.c:99:6:st7735_spi_init	8	static
ST7735.c:122:13:st7735_send_data	16	static
ST7735.c:127:13:st7735_write_cmd	16	static
ST7735.c:136:13:st7735_write_data	16	static
ST7735.c:145:13:st7735_push_color	16	static
ST7735.c:154:13:st7735_set_addr_window	24	static
ST7735.c:184:6:st7735_drw_px	16	static
ST7735.c:199:6:st7735_drw_vline	24	static
ST7735.c:222:6:st7735_drw_hline	32	static
ST7735.c:246:6:st7735_fill_rect	24	static
ST7735.c:276:6:st7735_draw_char	48	static
ST7735.c:310:10:st7735_drw_str	48	static
ST7735.c:326:6:st7735_drw_axs	48	static
ST7735.c:403:6:st7735_plt_pt	16	static
ST7735.c:424:6:st7735_plt_incr	8	static
